✅ Log test 2025-11-11 07:39:56
✅ Log test 2025-11-11 07:41:14
✅ Log test 2025-11-11 07:41:19
✅ Log test 2025-11-11 07:41:26
✅ Log test 2025-11-11 07:41:32
✅ Log test 2025-11-11 07:42:01
✅ Log test 2025-11-11 07:42:04
✅ Log test 2025-11-11 07:42:07
✅ Log test 2025-11-11 07:42:09
✅ Log test 2025-11-11 07:42:11
✅ Log test 2025-11-11 07:42:13
✅ Log test 2025-11-11 07:42:15
✅ Log test 2025-11-11 07:42:17
✅ Log test 2025-11-11 07:42:19
✅ Log test 2025-11-11 07:42:25
✅ Log test 2025-11-11 07:42:30
✅ Log test 2025-11-11 07:42:32
✅ Log test 2025-11-11 07:42:36
✅ Log test 2025-11-11 07:42:39
✅ Log test 2025-11-11 07:42:41
✅ Log test 2025-11-11 07:42:43
✅ Log test 2025-11-11 07:42:45
✅ Log test 2025-11-11 07:42:46
✅ Log test 2025-11-11 07:42:48
✅ Log test 2025-11-11 07:42:50
✅ Log test 2025-11-11 07:42:52
✅ Log test 2025-11-11 07:42:54
✅ Log test 2025-11-11 07:42:55
✅ Log test 2025-11-11 07:42:57
✅ Log test 2025-11-11 07:43:00
✅ Log test 2025-11-11 07:43:02
✅ Log test 2025-11-11 07:43:04
✅ Log test 2025-11-11 07:43:06
✅ Log test 2025-11-11 07:43:20
✅ Log test 2025-11-11 07:43:29
✅ Log test 2025-11-11 07:43:32
✅ Log test 2025-11-12 03:04:50
✅ Log test 2025-11-12 03:04:53
✅ Log test 2025-11-12 03:04:55
✅ Log test 2025-11-12 03:04:57
✅ Log test 2025-11-12 03:04:59
✅ Log test 2025-11-12 03:05:01
✅ Log test 2025-11-12 03:05:01
✅ Log test 2025-11-12 03:05:06
✅ Log test 2025-11-12 03:05:15
✅ Log test 2025-11-12 03:05:21
✅ Log test 2025-11-12 03:12:18
✅ Log test 2025-11-12 03:12:29
✅ Log test 2025-11-12 03:12:33
✅ Log test 2025-11-12 03:12:35
✅ Log test 2025-11-12 03:12:37
✅ Log test 2025-11-12 03:12:41
✅ Log test 2025-11-12 03:12:43
✅ Log test 2025-11-12 03:12:47
✅ Log test 2025-11-12 03:12:53
✅ Log test 2025-11-12 03:12:56
✅ Log test 2025-11-12 03:12:59
✅ Log test 2025-11-12 03:13:01
✅ Log test 2025-11-12 03:13:04
✅ Log test 2025-11-12 03:13:06
✅ Log test 2025-11-12 03:13:08
✅ Log test 2025-11-12 03:13:10
✅ Log test 2025-11-12 03:13:13
✅ Log test 2025-11-12 03:13:16
✅ Log test 2025-11-12 03:13:19
✅ Log test 2025-11-12 03:13:21
✅ Log test 2025-11-12 03:13:23
✅ Log test 2025-11-12 03:13:25
✅ Log test 2025-11-12 03:13:27
✅ Log test 2025-11-12 03:13:30
✅ Log test 2025-11-12 03:13:32
✅ Log test 2025-11-12 03:13:35
✅ Log test 2025-11-12 03:13:55
✅ Log test 2025-11-12 03:14:07
✅ Log test 2025-11-12 03:14:10
✅ Log test 2025-11-12 03:22:20
✅ Log test 2025-11-12 03:22:27
✅ Log test 2025-11-12 03:22:48
✅ Log test 2025-11-12 03:23:05
✅ Log test 2025-11-12 03:23:08
✅ Log test 2025-11-12 03:23:12
✅ Log test 2025-11-12 03:23:17
✅ Log test 2025-11-12 03:23:22
✅ Log test 2025-11-12 03:23:24
✅ Log test 2025-11-12 03:23:29
✅ Log test 2025-11-12 03:23:32
✅ Log test 2025-11-12 03:23:51
✅ Log test 2025-11-12 03:23:55
✅ Log test 2025-11-12 03:24:01
✅ Log test 2025-11-12 03:24:05
✅ Log test 2025-11-12 03:24:09
✅ Log test 2025-11-12 03:24:12
✅ Log test 2025-11-12 03:24:16
✅ Log test 2025-11-12 03:24:20
✅ Log test 2025-11-12 03:24:22
✅ Log test 2025-11-12 03:24:26
✅ Log test 2025-11-12 03:24:30
✅ Log test 2025-11-12 03:24:34
✅ Log test 2025-11-12 03:24:37
✅ Log test 2025-11-12 03:24:51
✅ Log test 2025-11-12 03:24:54
✅ Log test 2025-11-12 03:25:00
✅ Log test 2025-11-12 03:25:04
✅ Log test 2025-11-12 03:25:09
✅ Log test 2025-11-12 03:25:14
✅ Log test 2025-11-12 03:25:18
✅ Log test 2025-11-12 03:25:30
✅ Log test 2025-11-12 03:25:44
✅ Log test 2025-11-12 03:25:51
✅ Log test 2025-11-14 07:54:58
✅ Log test 2025-11-14 07:55:04
✅ Log test 2025-11-14 07:56:01
✅ Log test 2025-11-14 07:56:04
✅ Log test 2025-11-14 07:56:19
✅ Log test 2025-11-14 07:56:32
✅ Log test 2025-11-14 08:19:03
✅ Log test 2025-11-14 08:19:09
✅ Log test 2025-11-14 08:19:29
✅ Log test 2025-11-14 08:23:55
✅ Log test 2025-11-14 08:23:59
✅ Log test 2025-11-14 08:24:08
✅ Log test 2025-11-14 08:24:31
✅ Log test 2025-11-14 08:24:34
✅ Log test 2025-11-14 08:24:42
✅ Log test 2025-11-14 08:25:59
✅ Log test 2025-11-14 08:26:04
✅ Log test 2025-11-14 08:26:18
✅ Log test 2025-11-14 08:35:38
✅ Log test 2025-11-14 08:35:43
✅ Log test 2025-11-14 08:35:53
✅ Log test 2025-11-14 08:40:03
✅ Log test 2025-11-14 08:40:09
✅ Log test 2025-11-14 08:40:20
✅ Log test 2025-11-14 08:40:27
✅ Log test 2025-11-14 08:40:46
✅ Log test 2025-11-14 08:41:07
✅ Log test 2025-11-14 08:45:54
✅ Log test 2025-11-14 08:47:55
✅ Log test 2025-11-14 08:48:00
✅ Log test 2025-11-14 08:48:29
✅ Log test 2025-11-14 08:50:56
✅ Log test 2025-11-14 08:51:00
✅ Log test 2025-11-14 08:51:12
✅ Log test 2025-11-14 09:01:06
✅ Log test 2025-11-14 09:02:16
✅ Log test 2025-11-14 09:02:25
✅ Log test 2025-11-14 09:03:21
✅ Log test 2025-11-14 09:03:25
✅ Log test 2025-11-14 09:03:44
✅ Log test 2025-11-14 09:09:59
✅ Log test 2025-11-14 09:10:03
✅ Log test 2025-11-14 09:10:12
✅ Log test 2025-11-14 09:10:53
✅ Log test 2025-11-14 09:10:57
✅ Log test 2025-11-14 09:11:06
✅ Log test 2025-11-14 09:14:47
✅ Log test 2025-11-14 09:14:50
✅ Log test 2025-11-14 09:14:57
✅ Log test 2025-11-14 09:16:51
✅ Log test 2025-11-14 09:16:54
✅ Log test 2025-11-14 09:17:01
✅ Log test 2025-11-14 09:37:43
✅ Log test 2025-11-14 09:38:40
✅ Log test 2025-11-14 09:39:19
✅ Log test 2025-11-14 09:44:51
✅ Log test 2025-11-14 09:44:56
✅ Log test 2025-11-14 09:45:03
